
> Configure project :app
WARNING: Using flatDir should be avoided because it doesn't support any meta-data formats.

> Configure project :capacitor-cordova-android-plugins
WARNING: Using flatDir should be avoided because it doesn't support any meta-data formats.

> Task :app:preBuild UP-TO-DATE
> Task :app:preReleaseBuild UP-TO-DATE
> Task :capacitor-android:preBuild UP-TO-DATE
> Task :capacitor-android:preReleaseBuild UP-TO-DATE
> Task :capacitor-android:processReleaseNavigationResources UP-TO-DATE
> Task :capacitor-camera:preBuild UP-TO-DATE
> Task :capacitor-camera:preReleaseBuild UP-TO-DATE
> Task :capacitor-camera:processReleaseNavigationResources UP-TO-DATE
> Task :capacitor-cordova-android-plugins:preBuild UP-TO-DATE
> Task :capacitor-cordova-android-plugins:preReleaseBuild UP-TO-DATE
> Task :capacitor-cordova-android-plugins:processReleaseNavigationResources UP-TO-DATE
> Task :codetrix-studio-capacitor-google-auth:preBuild UP-TO-DATE
> Task :codetrix-studio-capacitor-google-auth:preReleaseBuild UP-TO-DATE
> Task :codetrix-studio-capacitor-google-auth:processReleaseNavigationResources UP-TO-DATE
> Task :app:processReleaseNavigationResources UP-TO-DATE
> Task :app:compileReleaseNavigationResources UP-TO-DATE
> Task :app:generateReleaseResValues UP-TO-DATE
> Task :app:processReleaseGoogleServices UP-TO-DATE
> Task :capacitor-android:generateReleaseResValues UP-TO-DATE
> Task :capacitor-android:generateReleaseResources UP-TO-DATE
> Task :capacitor-android:packageReleaseResources UP-TO-DATE
> Task :capacitor-camera:generateReleaseResValues UP-TO-DATE
> Task :capacitor-camera:generateReleaseResources UP-TO-DATE
> Task :capacitor-camera:packageReleaseResources UP-TO-DATE
> Task :capacitor-cordova-android-plugins:generateReleaseResValues UP-TO-DATE
> Task :capacitor-cordova-android-plugins:generateReleaseResources UP-TO-DATE
> Task :capacitor-cordova-android-plugins:packageReleaseResources UP-TO-DATE
> Task :codetrix-studio-capacitor-google-auth:generateReleaseResValues UP-TO-DATE
> Task :codetrix-studio-capacitor-google-auth:generateReleaseResources UP-TO-DATE
> Task :codetrix-studio-capacitor-google-auth:packageReleaseResources UP-TO-DATE
> Task :app:mapReleaseSourceSetPaths UP-TO-DATE
> Task :app:generateReleaseResources UP-TO-DATE
> Task :app:mergeReleaseResources UP-TO-DATE
> Task :app:createReleaseCompatibleScreenManifests UP-TO-DATE
> Task :app:extractDeepLinksRelease UP-TO-DATE
> Task :capacitor-android:extractDeepLinksRelease UP-TO-DATE
> Task :capacitor-android:processReleaseManifest UP-TO-DATE
> Task :capacitor-camera:extractDeepLinksRelease UP-TO-DATE
> Task :capacitor-camera:processReleaseManifest UP-TO-DATE
> Task :capacitor-cordova-android-plugins:extractDeepLinksRelease UP-TO-DATE
> Task :capacitor-cordova-android-plugins:processReleaseManifest UP-TO-DATE
> Task :codetrix-studio-capacitor-google-auth:extractDeepLinksRelease UP-TO-DATE
> Task :codetrix-studio-capacitor-google-auth:processReleaseManifest UP-TO-DATE
> Task :app:processReleaseMainManifest UP-TO-DATE
> Task :app:processReleaseManifest UP-TO-DATE
> Task :app:processApplicationManifestReleaseForBundle UP-TO-DATE
> Task :capacitor-android:writeReleaseAarMetadata UP-TO-DATE
> Task :capacitor-camera:writeReleaseAarMetadata UP-TO-DATE
> Task :capacitor-cordova-android-plugins:writeReleaseAarMetadata UP-TO-DATE
> Task :codetrix-studio-capacitor-google-auth:writeReleaseAarMetadata UP-TO-DATE
> Task :app:checkReleaseAarMetadata UP-TO-DATE
> Task :app:packageReleaseResources UP-TO-DATE
> Task :app:parseReleaseLocalResources UP-TO-DATE
> Task :app:processReleaseManifestForPackage UP-TO-DATE
> Task :capacitor-android:compileReleaseLibraryResources UP-TO-DATE
> Task :capacitor-android:parseReleaseLocalResources UP-TO-DATE
> Task :capacitor-android:generateReleaseRFile UP-TO-DATE
> Task :capacitor-camera:compileReleaseLibraryResources UP-TO-DATE
> Task :capacitor-camera:parseReleaseLocalResources UP-TO-DATE
> Task :capacitor-camera:generateReleaseRFile UP-TO-DATE
> Task :capacitor-cordova-android-plugins:compileReleaseLibraryResources UP-TO-DATE
> Task :capacitor-cordova-android-plugins:parseReleaseLocalResources UP-TO-DATE
> Task :capacitor-cordova-android-plugins:generateReleaseRFile UP-TO-DATE
> Task :codetrix-studio-capacitor-google-auth:compileReleaseLibraryResources UP-TO-DATE
> Task :codetrix-studio-capacitor-google-auth:parseReleaseLocalResources UP-TO-DATE
> Task :codetrix-studio-capacitor-google-auth:generateReleaseRFile UP-TO-DATE
> Task :app:processReleaseResources UP-TO-DATE
> Task :app:bundleReleaseResources UP-TO-DATE
> Task :app:extractReleaseVersionControlInfo UP-TO-DATE
> Task :capacitor-android:javaPreCompileRelease UP-TO-DATE
> Task :capacitor-android:compileReleaseJavaWithJavac UP-TO-DATE
> Task :capacitor-android:bundleLibCompileToJarRelease UP-TO-DATE
> Task :capacitor-camera:javaPreCompileRelease UP-TO-DATE
> Task :capacitor-camera:compileReleaseJavaWithJavac UP-TO-DATE
> Task :capacitor-camera:bundleLibRuntimeToDirRelease UP-TO-DATE
> Task :codetrix-studio-capacitor-google-auth:javaPreCompileRelease UP-TO-DATE
> Task :codetrix-studio-capacitor-google-auth:compileReleaseJavaWithJavac UP-TO-DATE
> Task :codetrix-studio-capacitor-google-auth:bundleLibRuntimeToDirRelease UP-TO-DATE
> Task :capacitor-android:bundleLibRuntimeToDirRelease UP-TO-DATE
> Task :capacitor-cordova-android-plugins:javaPreCompileRelease UP-TO-DATE
> Task :capacitor-cordova-android-plugins:compileReleaseJavaWithJavac NO-SOURCE
> Task :capacitor-cordova-android-plugins:bundleLibRuntimeToDirRelease UP-TO-DATE
> Task :app:checkReleaseDuplicateClasses UP-TO-DATE
> Task :app:javaPreCompileRelease UP-TO-DATE
> Task :capacitor-camera:bundleLibCompileToJarRelease UP-TO-DATE
> Task :capacitor-cordova-android-plugins:bundleLibCompileToJarRelease UP-TO-DATE
> Task :codetrix-studio-capacitor-google-auth:bundleLibCompileToJarRelease UP-TO-DATE
> Task :app:compileReleaseJavaWithJavac UP-TO-DATE
> Task :app:dexBuilderRelease UP-TO-DATE
> Task :app:desugarReleaseFileDependencies UP-TO-DATE
> Task :app:mergeReleaseStartupProfile UP-TO-DATE
> Task :app:mergeExtDexRelease UP-TO-DATE
> Task :app:mergeDexRelease UP-TO-DATE
> Task :app:mergeReleaseShaders UP-TO-DATE
> Task :app:compileReleaseShaders NO-SOURCE
> Task :app:generateReleaseAssets UP-TO-DATE
> Task :capacitor-android:mergeReleaseShaders UP-TO-DATE
> Task :capacitor-android:compileReleaseShaders NO-SOURCE
> Task :capacitor-android:generateReleaseAssets UP-TO-DATE
> Task :capacitor-android:mergeReleaseAssets UP-TO-DATE
> Task :capacitor-camera:mergeReleaseShaders UP-TO-DATE
> Task :capacitor-camera:compileReleaseShaders NO-SOURCE
> Task :capacitor-camera:generateReleaseAssets UP-TO-DATE
> Task :capacitor-camera:mergeReleaseAssets UP-TO-DATE
> Task :capacitor-cordova-android-plugins:mergeReleaseShaders UP-TO-DATE
> Task :capacitor-cordova-android-plugins:compileReleaseShaders NO-SOURCE
> Task :capacitor-cordova-android-plugins:generateReleaseAssets UP-TO-DATE
> Task :capacitor-cordova-android-plugins:mergeReleaseAssets UP-TO-DATE
> Task :codetrix-studio-capacitor-google-auth:mergeReleaseShaders UP-TO-DATE
> Task :codetrix-studio-capacitor-google-auth:compileReleaseShaders NO-SOURCE
> Task :codetrix-studio-capacitor-google-auth:generateReleaseAssets UP-TO-DATE
> Task :codetrix-studio-capacitor-google-auth:mergeReleaseAssets UP-TO-DATE
> Task :app:mergeReleaseAssets UP-TO-DATE
> Task :capacitor-camera:bundleLibRuntimeToJarRelease UP-TO-DATE
> Task :codetrix-studio-capacitor-google-auth:bundleLibRuntimeToJarRelease UP-TO-DATE
> Task :capacitor-android:bundleLibRuntimeToJarRelease UP-TO-DATE
> Task :capacitor-cordova-android-plugins:bundleLibRuntimeToJarRelease UP-TO-DATE
> Task :app:processReleaseJavaRes NO-SOURCE
> Task :app:mergeReleaseGlobalSynthetics UP-TO-DATE
> Task :capacitor-android:processReleaseJavaRes NO-SOURCE
> Task :capacitor-camera:processReleaseJavaRes NO-SOURCE
> Task :capacitor-cordova-android-plugins:processReleaseJavaRes NO-SOURCE
> Task :codetrix-studio-capacitor-google-auth:processReleaseJavaRes NO-SOURCE
> Task :app:mergeReleaseJavaResource UP-TO-DATE
> Task :app:mergeReleaseJniLibFolders UP-TO-DATE
> Task :capacitor-android:mergeReleaseJniLibFolders UP-TO-DATE
> Task :capacitor-android:mergeReleaseNativeLibs NO-SOURCE
> Task :capacitor-android:copyReleaseJniLibsProjectOnly UP-TO-DATE
> Task :capacitor-camera:mergeReleaseJniLibFolders UP-TO-DATE
> Task :capacitor-camera:mergeReleaseNativeLibs NO-SOURCE
> Task :capacitor-camera:copyReleaseJniLibsProjectOnly UP-TO-DATE
> Task :capacitor-cordova-android-plugins:mergeReleaseJniLibFolders UP-TO-DATE
> Task :capacitor-cordova-android-plugins:mergeReleaseNativeLibs NO-SOURCE
> Task :capacitor-cordova-android-plugins:copyReleaseJniLibsProjectOnly UP-TO-DATE
> Task :codetrix-studio-capacitor-google-auth:mergeReleaseJniLibFolders UP-TO-DATE
> Task :codetrix-studio-capacitor-google-auth:mergeReleaseNativeLibs NO-SOURCE
> Task :codetrix-studio-capacitor-google-auth:copyReleaseJniLibsProjectOnly UP-TO-DATE
> Task :app:mergeReleaseNativeLibs NO-SOURCE
> Task :app:stripReleaseDebugSymbols NO-SOURCE
> Task :app:writeReleaseAppMetadata UP-TO-DATE
> Task :app:buildReleasePreBundle UP-TO-DATE
> Task :capacitor-android:prepareReleaseArtProfile UP-TO-DATE
> Task :capacitor-camera:prepareReleaseArtProfile UP-TO-DATE
> Task :capacitor-cordova-android-plugins:prepareReleaseArtProfile UP-TO-DATE
> Task :codetrix-studio-capacitor-google-auth:prepareReleaseArtProfile UP-TO-DATE
> Task :app:mergeReleaseArtProfile UP-TO-DATE
> Task :app:compileReleaseArtProfile UP-TO-DATE
> Task :app:collectReleaseDependencies UP-TO-DATE
> Task :app:configureReleaseDependencies UP-TO-DATE
> Task :app:extractReleaseNativeSymbolTables NO-SOURCE
> Task :app:extractProguardFiles UP-TO-DATE
> Task :capacitor-android:createFullJarRelease UP-TO-DATE
> Task :capacitor-android:extractProguardFiles UP-TO-DATE
> Task :capacitor-android:generateReleaseLintModel UP-TO-DATE
> Task :capacitor-android:prepareLintJarForPublish UP-TO-DATE
> Task :capacitor-camera:createFullJarRelease UP-TO-DATE
> Task :capacitor-camera:extractProguardFiles UP-TO-DATE
> Task :capacitor-camera:generateReleaseLintModel UP-TO-DATE
> Task :capacitor-camera:prepareLintJarForPublish UP-TO-DATE
> Task :capacitor-cordova-android-plugins:createFullJarRelease UP-TO-DATE
> Task :capacitor-cordova-android-plugins:extractProguardFiles UP-TO-DATE
> Task :capacitor-cordova-android-plugins:generateReleaseLintModel UP-TO-DATE
> Task :capacitor-cordova-android-plugins:prepareLintJarForPublish UP-TO-DATE
> Task :codetrix-studio-capacitor-google-auth:createFullJarRelease UP-TO-DATE
> Task :codetrix-studio-capacitor-google-auth:extractProguardFiles UP-TO-DATE
> Task :codetrix-studio-capacitor-google-auth:generateReleaseLintModel UP-TO-DATE
> Task :codetrix-studio-capacitor-google-auth:prepareLintJarForPublish UP-TO-DATE
> Task :app:generateReleaseLintVitalReportModel UP-TO-DATE
> Task :capacitor-camera:checkReleaseAarMetadata UP-TO-DATE
> Task :capacitor-camera:stripReleaseDebugSymbols NO-SOURCE
> Task :capacitor-camera:copyReleaseJniLibsProjectAndLocalJars UP-TO-DATE
> Task :capacitor-camera:extractDeepLinksForAarRelease UP-TO-DATE
> Task :capacitor-camera:extractReleaseAnnotations UP-TO-DATE
> Task :capacitor-camera:mergeReleaseGeneratedProguardFiles UP-TO-DATE
> Task :capacitor-camera:mergeReleaseConsumerProguardFiles UP-TO-DATE
> Task :capacitor-camera:mergeReleaseJavaResource UP-TO-DATE
> Task :capacitor-camera:syncReleaseLibJars UP-TO-DATE
> Task :capacitor-camera:bundleReleaseLocalLintAar UP-TO-DATE
> Task :codetrix-studio-capacitor-google-auth:checkReleaseAarMetadata UP-TO-DATE
> Task :codetrix-studio-capacitor-google-auth:stripReleaseDebugSymbols NO-SOURCE
> Task :codetrix-studio-capacitor-google-auth:copyReleaseJniLibsProjectAndLocalJars UP-TO-DATE
> Task :codetrix-studio-capacitor-google-auth:extractDeepLinksForAarRelease UP-TO-DATE
> Task :codetrix-studio-capacitor-google-auth:extractReleaseAnnotations UP-TO-DATE
> Task :codetrix-studio-capacitor-google-auth:mergeReleaseGeneratedProguardFiles UP-TO-DATE
> Task :codetrix-studio-capacitor-google-auth:mergeReleaseConsumerProguardFiles UP-TO-DATE
> Task :codetrix-studio-capacitor-google-auth:mergeReleaseJavaResource UP-TO-DATE
> Task :codetrix-studio-capacitor-google-auth:syncReleaseLibJars UP-TO-DATE
> Task :codetrix-studio-capacitor-google-auth:bundleReleaseLocalLintAar UP-TO-DATE
> Task :capacitor-android:checkReleaseAarMetadata UP-TO-DATE
> Task :capacitor-android:stripReleaseDebugSymbols NO-SOURCE
> Task :capacitor-android:copyReleaseJniLibsProjectAndLocalJars UP-TO-DATE
> Task :capacitor-android:extractDeepLinksForAarRelease UP-TO-DATE
> Task :capacitor-android:extractReleaseAnnotations UP-TO-DATE
> Task :capacitor-android:mergeReleaseGeneratedProguardFiles UP-TO-DATE
> Task :capacitor-android:mergeReleaseConsumerProguardFiles UP-TO-DATE
> Task :capacitor-android:mergeReleaseJavaResource UP-TO-DATE
> Task :capacitor-android:syncReleaseLibJars UP-TO-DATE
> Task :capacitor-android:bundleReleaseLocalLintAar UP-TO-DATE
> Task :capacitor-cordova-android-plugins:checkReleaseAarMetadata UP-TO-DATE
> Task :capacitor-cordova-android-plugins:stripReleaseDebugSymbols NO-SOURCE
> Task :capacitor-cordova-android-plugins:copyReleaseJniLibsProjectAndLocalJars UP-TO-DATE
> Task :capacitor-cordova-android-plugins:extractDeepLinksForAarRelease UP-TO-DATE
> Task :capacitor-cordova-android-plugins:extractReleaseAnnotations UP-TO-DATE
> Task :capacitor-cordova-android-plugins:mergeReleaseGeneratedProguardFiles UP-TO-DATE
> Task :capacitor-cordova-android-plugins:mergeReleaseConsumerProguardFiles UP-TO-DATE
> Task :capacitor-cordova-android-plugins:mergeReleaseJavaResource UP-TO-DATE
> Task :capacitor-cordova-android-plugins:syncReleaseLibJars UP-TO-DATE
> Task :capacitor-cordova-android-plugins:bundleReleaseLocalLintAar UP-TO-DATE
> Task :capacitor-android:writeReleaseLintModelMetadata UP-TO-DATE
> Task :capacitor-camera:writeReleaseLintModelMetadata UP-TO-DATE
> Task :capacitor-cordova-android-plugins:writeReleaseLintModelMetadata UP-TO-DATE
> Task :codetrix-studio-capacitor-google-auth:writeReleaseLintModelMetadata UP-TO-DATE
> Task :capacitor-android:generateReleaseLintVitalModel UP-TO-DATE
> Task :capacitor-camera:generateReleaseLintVitalModel UP-TO-DATE
> Task :capacitor-cordova-android-plugins:generateReleaseLintVitalModel UP-TO-DATE
> Task :codetrix-studio-capacitor-google-auth:generateReleaseLintVitalModel UP-TO-DATE
> Task :app:parseReleaseIntegrityConfig UP-TO-DATE
> Task :app:validateSigningRelease UP-TO-DATE
> Task :capacitor-camera:lintVitalAnalyzeRelease
> Task :capacitor-cordova-android-plugins:lintVitalAnalyzeRelease
> Task :codetrix-studio-capacitor-google-auth:lintVitalAnalyzeRelease
> Task :capacitor-android:lintVitalAnalyzeRelease
> Task :app:lintVitalAnalyzeRelease
> Task :app:lintVitalReportRelease
> Task :app:lintVitalRelease
> Task :app:packageReleaseBundle FAILED

[Incubating] Problems report is available at: file:///C:/Users/Ahmed/online-catalog-platform-5/android/build/reports/problems/problems-report.html

FAILURE: Build failed with an exception.

* What went wrong:
Execution failed for task ':app:packageReleaseBundle'.
> A failure occurred while executing com.android.build.gradle.internal.tasks.PackageBundleTask$BundleToolWorkAction
   > Invalid dex file indices, expecting file 'classes٢.dex' but found 'classes2.dex'.

* Try:
> Run with --stacktrace option to get the stack trace.
> Run with --info or --debug option to get more log output.
> Run with --scan to get full insights.
> Get more help at https://help.gradle.org.

Deprecated Gradle features were used in this build, making it incompatible with Gradle 9.0.

You can use '--warning-mode all' to show the individual deprecation warnings and determine if they come from your own scripts or plugins.

For more on this, please refer to https://docs.gradle.org/8.14.3/userguide/command_line_interface.html#sec:command_line_warnings in the Gradle documentation.

BUILD FAILED in 4s
١٨٩ actionable tasks: ٨ executed, ١٨١ up-to-date
